// Jest Snapshot v1, https://jestjs.io/docs/snapshot-testing

exports[`legacy control-plane public surface restored method signatures remain stable 1`] = `
[
  "configureIndex(options: Parameters<Indexes['configure']>[1] & { name: string })",
  "createAssistant(options: Parameters<Assistants['create']>[0])",
  "createBackup(options: Parameters<Backups['create']>[1] & { indexName: string })",
  "createCollection(options: Parameters<Collections['create']>[0])",
  "createIndex(options: Parameters<Indexes['create']>[0])",
  "createIndexForModel(options: Parameters<Indexes['createForModel']>[0])",
  "createIndexFromBackup(options: Parameters<Backups['createIndex']>[1] & { backupId: string })",
  "deleteAssistant(assistantName: Parameters<Assistants['delete']>[0])",
  "deleteBackup(backupId: Parameters<Backups['delete']>[0])",
  "deleteCollection(collectionName: Parameters<Collections['delete']>[0])",
  "deleteIndex(indexName: Parameters<Indexes['delete']>[0])",
  "describeAssistant(assistantName: Parameters<Assistants['describe']>[0])",
  "describeBackup(backupId: Parameters<Backups['describe']>[0])",
  "describeCollection(collectionName: Parameters<Collections['describe']>[0])",
  "describeIndex(indexName: Parameters<Indexes['describe']>[0])",
  "describeRestoreJob(restoreJobId: Parameters<RestoreJobs['describe']>[0])",
  "evaluate(options: Parameters<Assistants['evaluate']>[0])",
  "listAssistants()",
  "listBackups(options: Parameters<Backups['listByIndex']>[1] & { indexName?: string; } = {})",
  "listCollections()",
  "listIndexes()",
  "listRestoreJobs(options?: Parameters<RestoreJobs['list']>[0])",
  "updateAssistant(options: Parameters<Assistants['update']>[0])",
]
`;
