// Jest Snapshot v1, https://jestjs.io/docs/snapshot-testing

exports[`public package contract pins the runtime barrel exports 1`] = `
[
  "AdminClient",
  "ApiKeysResource",
  "Assistant",
  "Assistants",
  "BackupSchedules",
  "Backups",
  "ChatStream",
  "Collections",
  "Documents",
  "Errors",
  "Index",
  "Indexes",
  "Inference",
  "InvitesResource",
  "OrganizationsResource",
  "Pinecone",
  "ProjectsResource",
  "RestoreJobs",
  "RoleBindingsResource",
  "ServiceAccountsResource",
  "UsersResource",
]
`;

exports[`public package contract pins the runtime barrel exports 2`] = `
[
  "BasePineconeError",
  "PineconeArgumentError",
  "PineconeAuthorizationError",
  "PineconeBadRequestError",
  "PineconeBatchUpsertError",
  "PineconeBatchUpsertUnsentError",
  "PineconeConfigurationError",
  "PineconeConflictError",
  "PineconeConnectionError",
  "PineconeEnvironmentVarsNotSupportedError",
  "PineconeFailedPreconditionError",
  "PineconeIndexInitializationFailedError",
  "PineconeIndexTerminatedError",
  "PineconeInternalServerError",
  "PineconeMaxRetriesExceededError",
  "PineconeMethodNotAllowedError",
  "PineconeNotFoundError",
  "PineconeNotImplementedError",
  "PineconePaymentRequiredError",
  "PineconeRequestError",
  "PineconeTimeoutError",
  "PineconeUnableToResolveHostError",
  "PineconeUnavailableError",
  "PineconeUnexpectedResponseError",
  "PineconeUnmappedHttpError",
  "PineconeUnprocessableEntityError",
  "extractMessage",
  "handleApiError",
  "mapHttpStatusError",
]
`;
